
Working directory: /.../test/error-dependency-cycle
Mode: production
Call stack:
Dependency cycle detected:
	a.js
	c.js
	b.js
	a.js
	index.js
