
Working Directory: /.../test/error-cannot-find-exported-name
Entry Point: index.js
Mode: production
Call Stack: (empty)
Processing File: index.js

Cannot find exported name 'b' in module 'a.js'
