
Working Directory: /.../test/error-cannot-leave-package-dir
Entry Point: index.js
Mode: production
Call Stack:
	'./a' from file: index.js
Processing File: a.js

/.../test/LeavePackageDir.js is out of the working directory
